// Jest Snapshot v1, https://goo.gl/fbAQLP

exports[`OrganizationApiKeysList renders 1`] = `
.glamor-17 {
  font-size: 14px;
  box-shadow: inset 0 -1px 0;
  margin: -20px 0 30px;
}

.glamor-13 {
  box-sizing: border-box;
  display: -webkit-box;
  display: -webkit-flex;
  display: -ms-flexbox;
  display: flex;
  -webkit-align-items: center;
  -webkit-box-align: center;
  -ms-flex-align: center;
  align-items: center;
}

.glamor-0 {
  font-size: 20px;
  font-weight: bold;
  margin: 20px 0;
  -webkit-flex: 1;
  -ms-flex: 1;
  flex: 1;
}

.glamor-9 {
  box-sizing: border-box;
  margin-right: 6px;
  margin-left: -2px;
}

.glamor-5 {
  display: block;
}

.glamor-3 {
  vertical-align: middle;
  display: block;
}

.glamor-19 {
  line-height: 1.5;
  margin-bottom: 30px;
}

.glamor-51 {
  background: #fff;
  border: 1px solid;
  margin-bottom: NaNpx;
  position: relative;
}

.glamor-35 {
  font-size: 13px;
  font-weight: 600;
  text-transform: uppercase;
  border-bottom: 1px solid;
  border-radius: 0 0;
  line-height: 1;
  padding: 15px 0;
}

.glamor-32 {
  box-sizing: border-box;
  display: -webkit-box;
  display: -webkit-flex;
  display: -ms-flexbox;
  display: flex;
  -webkit-align-items: center;
  -webkit-box-align: center;
  -ms-flex-align: center;
  align-items: center;
  -webkit-box-pack: justify;
  -webkit-justify-content: space-between;
  -ms-flex-pack: justify;
  justify-content: space-between;
  font-size: 13px;
  font-weight: 600;
  text-transform: uppercase;
  border-bottom: 1px solid;
  border-radius: 0 0;
  line-height: 1;
  padding: 15px 0;
}

.glamor-27 {
  box-sizing: border-box;
  -webkit-flex: 1;
  -ms-flex: 1;
  flex: 1;
  display: -webkit-box;
  display: -webkit-flex;
  display: -ms-flexbox;
  display: flex;
  -webkit-align-items: center;
  -webkit-box-align: center;
  -ms-flex-align: center;
  align-items: center;
}

.glamor-23 {
  box-sizing: border-box;
  padding-left: 16px;
  padding-right: 16px;
  -webkit-flex: 1;
  -ms-flex: 1;
  flex: 1;
}

.glamor-25 {
  box-sizing: border-box;
  padding-left: 16px;
  padding-right: 16px;
  -webkit-flex: 2;
  -ms-flex: 2;
  flex: 2;
}

.glamor-29 {
  box-sizing: border-box;
  width: 100px;
  padding-left: 16px;
  padding-right: 16px;
}

.glamor-47 {
  box-sizing: border-box;
  padding: 0px;
  padding-top: 8px;
  padding-bottom: 8px;
  display: -webkit-box;
  display: -webkit-flex;
  display: -ms-flexbox;
  display: flex;
  -webkit-align-items: center;
  -webkit-box-align: center;
  -ms-flex-align: center;
  align-items: center;
  border-bottom: 1px solid;
}

.glamor-47:last-child {
  border: 0;
}

<OrganizationApiKeysList
  keys={
    Array [
      Object {
        "allowed_origins": "",
        "id": 1,
        "key": "aa624bcc12024702a202cd90be5feda0",
        "label": "Default",
        "scope_list": Array [
          "project:read",
          "event:read",
          "team:read",
          "member:read",
        ],
        "status": 0,
      },
    ]
  }
  params={
    Object {
      "orgId": "org-slug",
    }
  }
  routes={
    Array [
      Object {
        "path": "/",
      },
      Object {
        "path": "/:orgId/",
      },
      Object {
        "path": "/organizations/:orgId/",
      },
      Object {
        "name": "API Key",
        "path": "api-keys/",
      },
    ]
  }
>
  <div>
    <SettingsPageHeading
      action={
        <Button
          busy={undefined}
          disabled={false}
          icon="icon-circle-add"
          onClick={undefined}
          priority="primary"
          size="small"
        >
          New API Key
        </Button>
      }
      title="API Keys"
    >
      <Wrapper>
        <div
          className="glamor-17 glamor-18"
        >
          <Flex
            align="center"
          >
            <Base
              align="center"
              className="glamor-13"
            >
              <div
                className="glamor-13"
                is={null}
              >
                <Title>
                  <div
                    className="glamor-0 glamor-1"
                  >
                    API Keys
                  </div>
                </Title>
                <div>
                  <Button
                    disabled={false}
                    icon="icon-circle-add"
                    priority="primary"
                    size="small"
                  >
                    <button
                      className="button button-primary button-sm"
                      disabled={false}
                      onClick={[Function]}
                      role="button"
                    >
                      <Flex
                        align="center"
                        className="button-label"
                      >
                        <Base
                          align="center"
                          className="button-label glamor-13"
                        >
                          <div
                            className="button-label glamor-13"
                            is={null}
                          >
                            <Icon
                              size="small"
                            >
                              <Base
                                className="glamor-9 glamor-10"
                                size="small"
                              >
                                <div
                                  className="glamor-9 glamor-10"
                                  is={null}
                                  size="small"
                                >
                                  <StyledInlineSvg
                                    size="12px"
                                    src="icon-circle-add"
                                  >
                                    <InlineSvg
                                      className="glamor-5 glamor-2"
                                      size="12px"
                                      src="icon-circle-add"
                                    >
                                      <StyledSvg
                                        className="glamor-5 glamor-2"
                                        height="12px"
                                        style={Object {}}
                                        viewBox={Object {}}
                                        width="12px"
                                      >
                                        <svg
                                          className="glamor-2 glamor-3 glamor-4"
                                          height="12px"
                                          style={Object {}}
                                          viewBox={Object {}}
                                          width="12px"
                                        >
                                          <use
                                            href="#test"
                                            xlinkHref="#test"
                                          />
                                        </svg>
                                      </StyledSvg>
                                    </InlineSvg>
                                  </StyledInlineSvg>
                                </div>
                              </Base>
                            </Icon>
                            New API Key
                          </div>
                        </Base>
                      </Flex>
                    </button>
                  </Button>
                </div>
              </div>
            </Base>
          </Flex>
        </div>
      </Wrapper>
    </SettingsPageHeading>
    <TextBlock>
      <Component
        className="glamor-19 glamor-20"
      >
        <div
          className="glamor-19 glamor-20"
        >
          <span
            key="5"
          >
            <span
              key="0"
            >
              API keys grant access to the 
            </span>
            <ExternalLink
              href="https://docs.sentry.io/hosted/api/"
              key="2"
              rel="noreferrer noopener"
              target="_blank"
            >
              <a
                href="https://docs.sentry.io/hosted/api/"
                rel="noreferrer noopener"
                target="_blank"
              >
                <span
                  key="1"
                >
                  developer web API
                </span>
              </a>
            </ExternalLink>
            <span
              key="3"
            >
              .
          If you're looking to configure a Sentry client, you'll need a
          client key which is available in your project settings.
            </span>
          </span>
        </div>
      </Component>
    </TextBlock>
    <div
      className="alert alert-block alert-info"
    >
      <span
        key="5"
      >
        <span
          key="0"
        >
          psst. Until Sentry supports OAuth, you might want to switch to using 
        </span>
        <Link
          key="2"
          to="/api/"
        >
          <a
            href="/api/"
          >
            <span
              key="1"
            >
              Auth Tokens
            </span>
          </a>
        </Link>
        <span
          key="3"
        >
           instead.
        </span>
      </span>
    </div>
    <Panel>
      <StyledPanel>
        <div
          className="glamor-51 glamor-52"
        >
          <PanelHeader
            align="center"
            disablePadding={true}
          >
            <StyledPanelHeader
              align="center"
              disablePadding={true}
            >
              <Component
                align="center"
                className="glamor-35 glamor-31"
                disablePadding={true}
              >
                <Flex
                  align="center"
                  className="glamor-35 glamor-31"
                  justify="space-between"
                >
                  <Base
                    align="center"
                    className="glamor-31 glamor-32"
                    justify="space-between"
                  >
                    <div
                      className="glamor-31 glamor-32"
                      is={null}
                    >
                      <Flex
                        align="center"
                        flex="1"
                      >
                        <Base
                          align="center"
                          className="glamor-27"
                          flex="1"
                        >
                          <div
                            className="glamor-27"
                            is={null}
                          >
                            <Box
                              flex="1"
                              px={2}
                            >
                              <Base
                                className="glamor-23"
                                flex="1"
                                px={2}
                              >
                                <div
                                  className="glamor-23"
                                  is={null}
                                >
                                  Name
                                </div>
                              </Base>
                            </Box>
                            <Box
                              flex="2"
                              px={2}
                            >
                              <Base
                                className="glamor-25"
                                flex="2"
                                px={2}
                              >
                                <div
                                  className="glamor-25"
                                  is={null}
                                >
                                  Key
                                </div>
                              </Base>
                            </Box>
                          </div>
                        </Base>
                      </Flex>
                      <Box
                        px={2}
                        w={100}
                      >
                        <Base
                          className="glamor-29"
                          px={2}
                          w={100}
                        >
                          <div
                            className="glamor-29"
                            is={null}
                          >
                            Actions
                          </div>
                        </Base>
                      </Box>
                    </div>
                  </Base>
                </Flex>
              </Component>
            </StyledPanelHeader>
          </PanelHeader>
          <PanelBody
            direction="column"
            disablePadding={true}
            flex={false}
          >
            <div
              className=""
            >
              <PanelItem
                align="center"
                key="1"
                p={0}
                py={1}
              >
                <StyledPanelItem
                  align="center"
                  p={0}
                  py={1}
                >
                  <Base
                    align="center"
                    className="glamor-47 glamor-48"
                    p={0}
                    py={1}
                  >
                    <div
                      className="glamor-47 glamor-48"
                      is={null}
                    >
                      <Flex
                        align="center"
                        flex="1"
                      >
                        <Base
                          align="center"
                          className="glamor-27"
                          flex="1"
                        >
                          <div
                            className="glamor-27"
                            is={null}
                          >
                            <Box
                              align="center"
                              flex="1"
                              px={2}
                            >
                              <Base
                                align="center"
                                className="glamor-23"
                                flex="1"
                                px={2}
                              >
                                <div
                                  className="glamor-23"
                                  is={null}
                                >
                                  <Link
                                    to="/organizations/org-slug/api-keys/1/"
                                  >
                                    <a
                                      href="/organizations/org-slug/api-keys/1/"
                                    >
                                      Default
                                    </a>
                                  </Link>
                                </div>
                              </Base>
                            </Box>
                            <Box
                              flex="2"
                              px={2}
                            >
                              <Base
                                className="glamor-25"
                                flex="2"
                                px={2}
                              >
                                <div
                                  className="glamor-25"
                                  is={null}
                                >
                                  <div
                                    className="form-control disabled auto-select"
                                  >
                                    aa624bcc12024702a202cd90be5feda0
                                  </div>
                                </div>
                              </Base>
                            </Box>
                          </div>
                        </Base>
                      </Flex>
                      <Box
                        px={2}
                        w={100}
                      >
                        <Base
                          className="glamor-29"
                          px={2}
                          w={100}
                        >
                          <div
                            className="glamor-29"
                            is={null}
                          >
                            <LinkWithConfirmation
                              className="btn btn-default btn-sm"
                              message="Are you sure you want to remove this API key?"
                              onConfirm={[Function]}
                              title="Remove API Key?"
                            >
                              <Confirm
                                cancelText="Cancel"
                                confirmText="Confirm"
                                message="Are you sure you want to remove this API key?"
                                onConfirm={[Function]}
                                priority="primary"
                              >
                                <a
                                  className="btn btn-default btn-sm"
                                  onClick={[Function]}
                                  title="Remove API Key?"
                                >
                                  <span
                                    className="icon-trash"
                                  />
                                </a>
                                <Modal
                                  animation={false}
                                  autoFocus={true}
                                  backdrop={true}
                                  bsClass="modal"
                                  dialogComponentClass={[Function]}
                                  enforceFocus={true}
                                  keyboard={true}
                                  manager={
                                    ModalManager {
                                      "add": [Function],
                                      "containers": Array [],
                                      "data": Array [],
                                      "handleContainerOverflow": true,
                                      "hideSiblingNodes": true,
                                      "isTopModal": [Function],
                                      "modals": Array [],
                                      "remove": [Function],
                                    }
                                  }
                                  onHide={[Function]}
                                  renderBackdrop={[Function]}
                                  restoreFocus={true}
                                  show={false}
                                >
                                  <Modal
                                    autoFocus={true}
                                    backdrop={true}
                                    backdropClassName="modal-backdrop"
                                    containerClassName="modal-open"
                                    enforceFocus={true}
                                    keyboard={true}
                                    manager={
                                      ModalManager {
                                        "add": [Function],
                                        "containers": Array [],
                                        "data": Array [],
                                        "handleContainerOverflow": true,
                                        "hideSiblingNodes": true,
                                        "isTopModal": [Function],
                                        "modals": Array [],
                                        "remove": [Function],
                                      }
                                    }
                                    onEntering={[Function]}
                                    onExited={[Function]}
                                    onHide={[Function]}
                                    renderBackdrop={[Function]}
                                    restoreFocus={true}
                                    show={false}
                                  />
                                </Modal>
                              </Confirm>
                            </LinkWithConfirmation>
                          </div>
                        </Base>
                      </Box>
                    </div>
                  </Base>
                </StyledPanelItem>
              </PanelItem>
            </div>
          </PanelBody>
        </div>
      </StyledPanel>
    </Panel>
  </div>
</OrganizationApiKeysList>
`;
