// Jest Snapshot v1, https://goo.gl/fbAQLP

exports[`OrganizationCreate render() renders with terms 1`] = `
<SideEffect(DocumentTitle)
  title="Create Organization - Sentry"
>
  <NarrowLayout>
    <h3>
      Create a New Organization
    </h3>
    <p>
      Organizations represent the top level in your hierarchy. You'll be able to bundle a collection of teams within an organization as well as give organization-wide permissions to users.
    </p>
    <OrganizationCreateForm
      onSubmitSuccess={[Function]}
    />
  </NarrowLayout>
</SideEffect(DocumentTitle)>
`;

exports[`OrganizationCreate render() renders without terms 1`] = `
<SideEffect(DocumentTitle)
  title="Create Organization - Sentry"
>
  <NarrowLayout>
    <h3>
      Create a New Organization
    </h3>
    <p>
      Organizations represent the top level in your hierarchy. You'll be able to bundle a collection of teams within an organization as well as give organization-wide permissions to users.
    </p>
    <OrganizationCreateForm
      onSubmitSuccess={[Function]}
    />
  </NarrowLayout>
</SideEffect(DocumentTitle)>
`;
